MPLINK 4.48, Linker
Linker Map File - Created Fri May 31 21:54:37 2024

                                 Section Info
                  Section       Type    Address   Location Size(Bytes)
                ---------  ---------  ---------  ---------  ---------
                   .org_0       code   0x000000    program   0x000000
                   .org_1       code   0x000000    program   0x000002
                   .org_2       code   0x000004    program   0x00005c



                              Program Memory Usage 
                               Start         End      
                           ---------   ---------      
                            0x000000    0x000000      
                            0x000004    0x000031      
            47 out of 1158 program addresses used, program memory utilization is 4%



                              Symbols - Sorted by Name
                     Name    Address   Location    Storage File                     
                ---------  ---------  ---------  --------- ---------                
           check_switches   0x00000e    program     static C:\Users\Work\Desktop\PIC16F-Asyncronus-Counter\Counter.asm
                       d1   0x00001e    program     static C:\Users\Work\Desktop\PIC16F-Asyncronus-Counter\Counter.asm
                decrement   0x000017    program     static C:\Users\Work\Desktop\PIC16F-Asyncronus-Counter\Counter.asm
                    delay   0x00001a    program     static C:\Users\Work\Desktop\PIC16F-Asyncronus-Counter\Counter.asm
                  display   0x000023    program     static C:\Users\Work\Desktop\PIC16F-Asyncronus-Counter\Counter.asm
                increment   0x000014    program     static C:\Users\Work\Desktop\PIC16F-Asyncronus-Counter\Counter.asm
                     main   0x000005    program     static C:\Users\Work\Desktop\PIC16F-Asyncronus-Counter\Counter.asm
               seg_decode   0x000027    program     static C:\Users\Work\Desktop\PIC16F-Asyncronus-Counter\Counter.asm



                              Symbols - Sorted by Address
                     Name    Address   Location    Storage File                     
                ---------  ---------  ---------  --------- ---------                
                     main   0x000005    program     static C:\Users\Work\Desktop\PIC16F-Asyncronus-Counter\Counter.asm
           check_switches   0x00000e    program     static C:\Users\Work\Desktop\PIC16F-Asyncronus-Counter\Counter.asm
                increment   0x000014    program     static C:\Users\Work\Desktop\PIC16F-Asyncronus-Counter\Counter.asm
                decrement   0x000017    program     static C:\Users\Work\Desktop\PIC16F-Asyncronus-Counter\Counter.asm
                    delay   0x00001a    program     static C:\Users\Work\Desktop\PIC16F-Asyncronus-Counter\Counter.asm
                       d1   0x00001e    program     static C:\Users\Work\Desktop\PIC16F-Asyncronus-Counter\Counter.asm
                  display   0x000023    program     static C:\Users\Work\Desktop\PIC16F-Asyncronus-Counter\Counter.asm
               seg_decode   0x000027    program     static C:\Users\Work\Desktop\PIC16F-Asyncronus-Counter\Counter.asm


